// Jest Snapshot v1, https://goo.gl/fbAQLP

exports[`Layout Home Page Layout Home Page - Snapshot 1`] = `
<div>
  <div
    class="_layout_home_wrapper_ css-1twbe3w"
  >
    <header
      class="_layout_header_wrapper_ css-14b3e4t"
    >
      <a
        class="_link_ _layout_header_link_ css-1h5x3dy"
        href="/"
      >
        <img
          class="_image_ _layout_header_logo_ css-msby2z"
          src="/images/commons/logo/MCM_white_logo.png"
        />
      </a>
    </header>
    <div
      class="css-1bekwa3"
    >
      <nav
        class="_layout_nav_wrapper_ css-1essgvo"
      >
        <article
          class="_layout_nav_list_ css-xaukxq"
        >
          <a
            class="_link_ _tap_ css-1h5x3dy"
            href="/modules/modal"
          >
            <p
              class="_p_ _tap_name_ css-pzlb5d"
            >
              Modal
            </p>
          </a>
        </article>
      </nav>
      <div>
        레아이웃 페이지입니다.
      </div>
    </div>
  </div>
</div>
`;
