// Jest Snapshot v1, https://goo.gl/fbAQLP

exports[`Link Tag Page Link Page - Snapshot 1`] = `
<div>
  <a
    class="_link_ css-1h5x3dy"
    href="/modules/modal"
  >
    모달로 이동하기
  </a>
</div>
`;
