// Jest Snapshot v1, https://goo.gl/fbAQLP

exports[`Image Units Page Sanpshot 1`] = `
<div>
  <img
    class="_image_ jest_image css-msby2z"
    src="/images/"
  />
</div>
`;
